################################################################################
#                                                                              #
#      IAR Universal Linker V4.61T/W32                                         #
#                                                                              #
#           Link time     =  02/Dec/2010  13:32:48                             #
#           Target CPU    =  MSP430                                            #
#           List file     =  "C:\Documents and Settings\Leet\Desktop\Watch Bac #
#                            k-up\Calorie Reader via Data Logger Template\915M #
#                            Hz - Limited IAR Kickstart (USA)\List\ez430_chron #
#                            os_datalogger_915MHz.map"                         #
#           Output file 1 =  "C:\Documents and Settings\Leet\Desktop\Watch Bac #
#                            k-up\Calorie Reader via Data Logger Template\915M #
#                            Hz - Limited IAR Kickstart (USA)\Exe\ez430_chrono #
#                            s_datalogger_915MHz.d43"                          #
#                            Format: debug                                     #
#                            UBROF version 10.0.3                              #
#                            Using library modules for C-SPY (-rt)             #
#           Command line  =  --ks_version                                      #
#                            "C:\Documents and Settings\Leet\Desktop\Watch Bac #
#                            k-up\Calorie Reader via Data Logger Template\915M #
#                            Hz - Limited IAR Kickstart (USA)\Obj\acceleration #
#                            .r43"                                             #
#                            "C:\Documents and Settings\Leet\Desktop\Watch Bac #
#                            k-up\Calorie Reader via Data Logger Template\915M #
#                            Hz - Limited IAR Kickstart (USA)\Obj\altitude.r43 #
#                            "                                                 #
#                            "C:\Documents and Settings\Leet\Desktop\Watch Bac #
#                            k-up\Calorie Reader via Data Logger Template\915M #
#                            Hz - Limited IAR Kickstart (USA)\Obj\battery.r43" #
#                            "C:\Documents and Settings\Leet\Desktop\Watch Bac #
#                            k-up\Calorie Reader via Data Logger Template\915M #
#                            Hz - Limited IAR Kickstart (USA)\Obj\bluerobin.r4 #
#                            3"                                                #
#                            "C:\Documents and Settings\Leet\Desktop\Watch Bac #
#                            k-up\Calorie Reader via Data Logger Template\915M #
#                            Hz - Limited IAR Kickstart (USA)\Obj\clock.r43"   #
#                            "C:\Documents and Settings\Leet\Desktop\Watch Bac #
#                            k-up\Calorie Reader via Data Logger Template\915M #
#                            Hz - Limited IAR Kickstart (USA)\Obj\datalog.r43" #
#                            "C:\Documents and Settings\Leet\Desktop\Watch Bac #
#                            k-up\Calorie Reader via Data Logger Template\915M #
#                            Hz - Limited IAR Kickstart (USA)\Obj\date.r43"    #
#                            "C:\Documents and Settings\Leet\Desktop\Watch Bac #
#                            k-up\Calorie Reader via Data Logger Template\915M #
#                            Hz - Limited IAR Kickstart (USA)\Obj\flash.r43"   #
#                            "C:\Documents and Settings\Leet\Desktop\Watch Bac #
#                            k-up\Calorie Reader via Data Logger Template\915M #
#                            Hz - Limited IAR Kickstart (USA)\Obj\main.r43"    #
#                            "C:\Documents and Settings\Leet\Desktop\Watch Bac #
#                            k-up\Calorie Reader via Data Logger Template\915M #
#                            Hz - Limited IAR Kickstart (USA)\Obj\menu.r43"    #
#                            "C:\Documents and Settings\Leet\Desktop\Watch Bac #
#                            k-up\Calorie Reader via Data Logger Template\915M #
#                            Hz - Limited IAR Kickstart (USA)\Obj\rfbsl.r43"   #
#                            "C:\Documents and Settings\Leet\Desktop\Watch Bac #
#                            k-up\Calorie Reader via Data Logger Template\915M #
#                            Hz - Limited IAR Kickstart (USA)\Obj\rfsimpliciti #
#                            .r43"                                             #
#                            "C:\Documents and Settings\Leet\Desktop\Watch Bac #
#                            k-up\Calorie Reader via Data Logger Template\915M #
#                            Hz - Limited IAR Kickstart (USA)\Obj\temperature. #
#                            r43"                                              #
#                            "C:\Documents and Settings\Leet\Desktop\Watch Bac #
#                            k-up\Calorie Reader via Data Logger Template\915M #
#                            Hz - Limited IAR Kickstart (USA)\Obj\user.r43"    #
#                            "C:\Documents and Settings\Leet\Desktop\Watch Bac #
#                            k-up\Calorie Reader via Data Logger Template\blue #
#                            robin\BlueRobin_RX_915MHz.r43"                    #
#                            "C:\Documents and Settings\Leet\Desktop\Watch Bac #
#                            k-up\Calorie Reader via Data Logger Template\driv #
#                            er\ez430_chronos_datalogger_codesize_limited_driv #
#                            ers.r43"                                          #
#                            "C:\Documents and Settings\Leet\Desktop\Watch Bac #
#                            k-up\Calorie Reader via Data Logger Template\simp #
#                            liciti\CC430_End_Device_915MHz.r43"               #
#                            -o                                                #
#                            "C:\Documents and Settings\Leet\Desktop\Watch Bac #
#                            k-up\Calorie Reader via Data Logger Template\915M #
#                            Hz - Limited IAR Kickstart (USA)\Exe\ez430_chrono #
#                            s_datalogger_915MHz.d43"                          #
#                            -l                                                #
#                            "C:\Documents and Settings\Leet\Desktop\Watch Bac #
#                            k-up\Calorie Reader via Data Logger Template\915M #
#                            Hz - Limited IAR Kickstart (USA)\List\ez430_chron #
#                            os_datalogger_915MHz.map"                         #
#                            -xmsn                                             #
#                            "-IC:\Program Files\IAR Systems\Embedded Workbenc #
#                            h 6.0 Kickstart\430\LIB\"                         #
#                            -f                                                #
#                            "C:\Documents and Settings\Leet\Desktop\Watch Bac #
#                            k-up\Calorie Reader via Data Logger Template\lnkC #
#                            C430F6137.xcl"                                    #
#                            (-cmsp430                                         #
#                            -Z(DATA)DATA16_I,DATA16_Z,DATA16_N,DATA16_HEAP+_D #
#                            ATA16_HEAP_SIZE=1C00-23FD                         #
#                            -Z(DATA)CSTACK+_STACK_SIZE#                       #
#                            -Z(CODE)INFO=1800-19FF -Z(CODE)INFOA=1980-19FF    #
#                            -Z(CODE)INFOB=1900-197F -Z(CODE)INFOC=1880-18FF   #
#                            -Z(CODE)INFOD=1800-187F                           #
#                            -Z(CONST)DATA16_C,DATA16_ID,DIFUNCT=9E00-FF7F     #
#                            -Z(CODE)CSTART,ISR_CODE=9E00-FF7F                 #
#                            -P(CODE)CODE=9E00-FF7F -Z(CODE)INTVEC=FF80-FFFF   #
#                            -Z(CODE)RESET=FFFE-FFFF) -D_STACK_SIZE=50 -rt     #
#                            "C:\Program Files\IAR Systems\Embedded Workbench  #
#                            6.0 Kickstart\430\LIB\DLIB\dl430xsfn.r43"         #
#                            -D_DATA16_HEAP_SIZE=50 -s __program_start         #
#                            -D_DATA20_HEAP_SIZE=50                            #
#                                                                              #
#                           Copyright (C) 1987-2010 IAR Systems AB.            #
################################################################################





                ****************************************
                *                                      *
                *           CROSS REFERENCE            *
                *                                      *
                ****************************************

       Program entry at :           A3B6  Relocatable, from module : ?cstart




                ****************************************
                *                                      *
                *            RUNTIME MODEL             *
                *                                      *
                ****************************************

  __SystemLibrary            = DLib
  __core                     = 430X
  __data_model               = small
  __dlib_file_descriptor     = 0
  __dlib_full_locale_support = 0
  __double_size              = 32
  __pic                      = no
  __reg_r4                   = free
  __reg_r5                   = free
  __rt_version               = 3



                ****************************************
                *                                      *
                *              MODULE MAP              *
                *                                      *
                ****************************************


  DEFINED ABSOLUTE ENTRIES
    *************************************************************************

  DEFINED ABSOLUTE ENTRIES
  PROGRAM MODULE, NAME : ?ABS_ENTRY_MOD

Absolute parts
           ENTRY                   ADDRESS         REF BY
           =====                   =======         ======
           _DATA20_HEAP_SIZE       0050 
           _DATA16_HEAP_SIZE       0050 
           _STACK_SIZE             0050 
    *************************************************************************

  FILE NAME : C:\Documents and Settings\Leet\Desktop\Watch Back-up\Calorie Reader via Data Logger Template\915MHz - Limited IAR Kickstart (USA)\Obj\acceleration.r43
  PROGRAM MODULE, NAME : acceleration

  SEGMENTS IN THE MODULE
  ======================
DATA16_Z
  Relative segment, address: 1C76 - 1C7D (0x8 bytes), align: 1
  Segment part 2.             Intra module refs:   ?Subroutine0
                                                   do_acceleration_measurement
                                                   is_acceleration_measurement
                                                   reset_acceleration
                                                   start_acceleration_measurement
           ENTRY                   ADDRESS         REF BY
           =====                   =======         ======
           sAccel                  1C76            do_datalog (datalog)
                                                   sx_datalog (datalog)
    -------------------------------------------------------------------------
DATA16_C
  Relative segment, address: 9E00 - 9E0D (0xe bytes), align: 1
  Segment part 3.             Intra module refs:   convert_acceleration_value_to_mgrav
           ENTRY                   ADDRESS         REF BY
           =====                   =======         ======
           mgrav_per_bit           9E00 
    -------------------------------------------------------------------------
<CODE> 1 (was CODE)
  Relative segment, address: F72A - F72D (0x4 bytes), align: 1
  Segment part 9.
           ENTRY                   ADDRESS         REF BY
           =====                   =======         ======
           stop_acceleration_measurement
                                   F72A            stop_datalog (datalog)
               calls direct
               CSTACK = 00000000 ( 00000004 )
    -------------------------------------------------------------------------
<CODE> 1 (was CODE)
  Relative segment, address: F72E - F733 (0x6 bytes), align: 1
  Segment part 10.            Intra module refs:   reset_acceleration
                                                   stop_acceleration_measurement
           LOCAL                   ADDRESS         
           =====                   =======         
           ?Subroutine0            F72E 
    -------------------------------------------------------------------------
<CODE> 1 (was CODE)
  Relative segment, address: F734 - F73B (0x8 bytes), align: 1
  Segment part 11.
           ENTRY                   ADDRESS         REF BY
           =====                   =======         ======
           reset_acceleration      F734            init_global_variables (main)
               CSTACK = 00000000 ( 00000004 )
    -------------------------------------------------------------------------
<CODE> 1 (was CODE)
  Relative segment, address: F380 - F397 (0x18 bytes), align: 1
  Segment part 8.
           ENTRY                   ADDRESS         REF BY
           =====                   =======         ======
           start_acceleration_measurement
                                   F380            start_datalog (datalog)
               calls direct
               CSTACK = 00000000 ( 00000004 )
    -------------------------------------------------------------------------
<CODE> 1 (was CODE)
  Relative segment, address: F368 - F37F (0x18 bytes), align: 1
  Segment part 7.             Intra module refs:   start_acceleration_measurement
           ENTRY                   ADDRESS         REF BY
           =====                   =======         ======
           is_acceleration_measurement
                                   F368 
               CSTACK = 00000000 ( 00000004 )
    -------------------------------------------------------------------------
<CODE> 1 (was CODE)
  Relative segment, address: F73C - F74B (0x10 bytes), align: 1
  Segment part 6.
           ENTRY                   ADDRESS         REF BY
           =====                   =======         ======
           do_acceleration_measurement
                                   F73C            process_requests (main)
               calls direct
               CSTACK = 00000000 ( 00000004 )
    -------------------------------------------------------------------------
<CODE> 1 (was CODE)
  Relative segment, address: E70E - E747 (0x3a bytes), align: 1
  Segment part 5.
           ENTRY                   ADDRESS         REF BY
           =====                   =======         ======
           convert_acceleration_value_to_mgrav
                                   E70E            do_datalog (datalog)
               CSTACK = 00000000 ( 00000010 )

    *************************************************************************

  FILE NAME : C:\Documents and Settings\Leet\Desktop\Watch Back-up\Calorie Reader via Data Logger Template\915MHz - Limited IAR Kickstart (USA)\Obj\altitude.r43
  PROGRAM MODULE, NAME : altitude

  SEGMENTS IN THE MODULE
  ======================
DATA16_AN
  Relative segment, address: 0200 - 0201 (0x2 bytes), align: 0
  Segment part 1. ROOT.       Intra module refs:   PORT2_ISR (ports)
                                                   TIMER0_A0_ISR (timer)
                                                   do_altitude_measurement
                                                   start_altitude_measurement
                                                   wakeup_event (main)
           ENTRY                   ADDRESS         REF BY
           =====                   =======         ======
           _A_PAIN_L               0200 
           LOCAL                   ADDRESS         
           =====                   =======         
           PAIN                    0200 
           PAIN_H                  0201 
           PAIN_L                  0200 
    -------------------------------------------------------------------------
DATA16_AN
  Relative segment, address: 021A - 021B (0x2 bytes), align: 0
  Segment part 2. ROOT.       Intra module refs:   PORT2_ISR (ports)
                                                   as_start (vti_as)
                                                   as_stop (vti_as)
                                                   init_buttons (ports)
                                                   start_altitude_measurement
                                                   stop_altitude_measurement
           ENTRY                   ADDRESS         REF BY
           =====                   =======         ======
           _A_PAIE_L               021A 
           LOCAL                   ADDRESS         
           =====                   =======         
           PAIE                    021A 
           PAIE_H                  021B 
           PAIE_L                  021A 
    -------------------------------------------------------------------------
DATA16_AN
  Relative segment, address: 021C - 021D (0x2 bytes), align: 0
  Segment part 3. ROOT.       Intra module refs:   PORT2_ISR (ports)
                                                   as_start (vti_as)
                                                   init_buttons (ports)
                                                   start_altitude_measurement
                                                   start_simpliciti_sync (rfsimpliciti)
                                                   stop_altitude_measurement
           ENTRY                   ADDRESS         REF BY
           =====                   =======         ======
           _A_PAIFG_L              021C 
           LOCAL                   ADDRESS         
           =====                   =======         
           PAIFG                   021C 
           PAIFG_H                 021D 
           PAIFG_L                 021C 
    -------------------------------------------------------------------------
DATA16_Z
  Relative segment, address: 1C7E - 1C8D (0x10 bytes), align: 1
  Segment part 6.             Intra module refs:   display_altitude
                                                   do_altitude_measurement
                                                   is_altitude_measurement
                                                   reset_altitude_measurement
                                                   start_altitude_measurement
                                                   stop_altitude_measurement
           ENTRY                   ADDRESS         REF BY
           =====                   =======         ======
           sAlt                    1C7E            display_temperature (temperature)
                                                   do_datalog (datalog)
                                                   read_calibration_values (main)
                                                   simpliciti_sync_decode_ap_cmd_callback (rfsimpliciti)
                                                   simpliciti_sync_get_data_callback (rfsimpliciti)
    -------------------------------------------------------------------------
<CODE> 1 (was CODE)
  Relative segment, address: E14A - E18D (0x44 bytes), align: 1
  Segment part 22.
           ENTRY                   ADDRESS         REF BY
           =====                   =======         ======
           reset_altitude_measurement
                                   E14A            init_global_variables (main)
               calls direct
               CSTACK = 00000000 ( 00000004 )
    -------------------------------------------------------------------------
<CODE> 1 (was CODE)
  Relative segment, address: AB80 - AC25 (0xa6 bytes), align: 1
  Segment part 10.            Intra module refs:   start_altitude_measurement
           ENTRY                   ADDRESS         REF BY
           =====                   =======         ======
           do_altitude_measurement
                                   AB80            process_requests (main)
               calls direct
               CSTACK = 00000000 ( 00000010 )
    -------------------------------------------------------------------------
<CODE> 1 (was CODE)
  Relative segment, address: AC26 - AC85 (0x60 bytes), align: 1
  Segment part 11.            Intra module refs:   display_altitude
                                                   reset_altitude_measurement
           ENTRY                   ADDRESS         REF BY
           =====                   =======         ======
           start_altitude_measurement
                                   AC26            display_temperature (temperature)
                                                   start_datalog (datalog)
               calls direct
               CSTACK = 00000000 ( 00000006 )
    -------------------------------------------------------------------------
<CODE> 1 (was CODE)
  Relative segment, address: AC86 - AD4B (0xc6 bytes), align: 1
  Segment part 12.
           ENTRY                   ADDRESS         REF BY
           =====                   =======         ======
           display_altitude        AC86            menu_L1_Altitude (menu)
               calls direct
               CSTACK = 00000000 ( 00000008 )
    -------------------------------------------------------------------------
<CODE> 1 (was CODE)
  Relative segment, address: AD4C - AD4D (0x2 bytes), align: 1
  Segment part 13.            Intra module refs:   ?Subroutine2
                                                   display_altitude
           LOCAL                   ADDRESS         
           =====                   =======         
           ?Subroutine4            AD4C 
    -------------------------------------------------------------------------
<CODE> 1 (was CODE)
  Relative segment, address: AD4E - AD53 (0x6 bytes), align: 1
  Segment part 14.            Intra module refs:   ?Subroutine1
                                                   ?Subroutine4
    -------------------------------------------------------------------------
<CODE> 1 (was CODE)
  Relative segment, address: AD54 - AD67 (0x14 bytes), align: 1
  Segment part 15.            Intra module refs:   display_altitude
           LOCAL                   ADDRESS         
           =====                   =======         
           ?Subroutine3            AD54 
    -------------------------------------------------------------------------
<CODE> 1 (was CODE)
  Relative segment, address: AD68 - AD77 (0x10 bytes), align: 1
  Segment part 16.            Intra module refs:   display_altitude
           LOCAL                   ADDRESS         
           =====                   =======         
           ?Subroutine2            AD68 
    -------------------------------------------------------------------------
<CODE> 1 (was CODE)
  Relative segment, address: AD78 - AD85 (0xe bytes), align: 1
  Segment part 17.            Intra module refs:   display_altitude
           LOCAL                   ADDRESS         
           =====                   =======         
           ?Subroutine1            AD78 
    -------------------------------------------------------------------------
<CODE> 1 (was CODE)
  Relative segment, address: AD86 - AD91 (0xc bytes), align: 1
  Segment part 18.            Intra module refs:   ?Subroutine1
                                                   ?Subroutine2
           LOCAL                   ADDRESS         
           =====                   =======         
           ?Subroutine5            AD86 
    -------------------------------------------------------------------------
<CODE> 1 (was CODE)
  Relative segment, address: AD92 - AD9B (0xa bytes), align: 1
  Segment part 19.            Intra module refs:   ?Subroutine3
                                                   ?Subroutine5
           LOCAL                   ADDRESS         
           =====                   =======         
           ?Subroutine6            AD92 
    -------------------------------------------------------------------------
<CODE> 1 (was CODE)
  Relative segment, address: AD9C - ADA1 (0x6 bytes), align: 1
  Segment part 20.
           ENTRY                   ADDRESS         REF BY
           =====                   =======         ======
           is_altitude_measurement
                                   AD9C            TIMER0_A0_ISR (timer)
               CSTACK = 00000000 ( 00000004 )
    -------------------------------------------------------------------------
<CODE> 1 (was CODE)
  Relative segment, address: ADA2 - ADCB (0x2a bytes), align: 1
  Segment part 7.             Intra module refs:   display_altitude
                                                   reset_altitude_measurement
           ENTRY                   ADDRESS         REF BY
           =====                   =======         ======
           stop_altitude_measurement
                                   ADA2            display_temperature (temperature)
                                                   stop_datalog (datalog)
               calls direct
               CSTACK = 00000000 ( 00000004 )
    -------------------------------------------------------------------------
DATA16_C
  Relative segment, address: 9EFC - 9EFF (0x4 bytes), align: 0
  Segment part 5.             Intra module refs:   start_altitude_measurement

    *************************************************************************

  FILE NAME : C:\Documents and Settings\Leet\Desktop\Watch Back-up\Calorie Reader via Data Logger Template\915MHz - Limited IAR Kickstart (USA)\Obj\battery.r43
  PROGRAM MODULE, NAME : battery

  SEGMENTS IN THE MODULE
  ======================
DATA16_Z
  Relative segment, address: 1C8E - 1C93 (0x6 bytes), align: 1
  Segment part 2.             Intra module refs:   battery_measurement
                                                   reset_batt_measurement
           ENTRY                   ADDRESS         REF BY
           =====                   =======         ======
           sBatt                   1C8E            TIMER0_A0_ISR (timer)
                                                   read_calibration_values (main)
    -------------------------------------------------------------------------
<CODE> 1 (was CODE)
  Relative segment, address: F874 - F881 (0xe bytes), align: 1
  Segment part 4.
           ENTRY                   ADDRESS         REF BY
           =====                   =======         ======
           reset_batt_measurement
                                   F874            init_global_variables (main)
               CSTACK = 00000000 ( 00000004 )
    -------------------------------------------------------------------------
<CODE> 1 (was CODE)
  Relative segment, address: D6D6 - D73B (0x66 bytes), align: 1
  Segment part 3.
           ENTRY                   ADDRESS         REF BY
           =====                   =======         ======
           battery_measurement     D6D6            process_requests (main)
               calls direct
               CSTACK = 00000000 ( 00000004 )

    *************************************************************************

  FILE NAME : C:\Documents and Settings\Leet\Desktop\Watch Back-up\Calorie Reader via Data Logger Template\915MHz - Limited IAR Kickstart (USA)\Obj\bluerobin.r43
  PROGRAM MODULE, NAME : bluerobin

  SEGMENTS IN THE MODULE
  ======================
DATA16_AN
  Relative segment, address: 0350 - 0351 (0x2 bytes), align: 0
  Segment part 1. ROOT.       Intra module refs:   BRRX__GetCurrentTime_u16 (BRRX_Timer)
                                                   BlueRobin_RadioISR_v (BRRX_Radio)
                                                   TIMER0_A1_5_ISR (timer)
                                                   Timer0_A3_Start (timer)
                                                   Timer0_A4_Delay (timer)
                                                   is_bluerobin_flash_write_window
           ENTRY                   ADDRESS         REF BY
           =====                   =======         ======
           _A_TA0R_L               0350 
           LOCAL                   ADDRESS         
           =====                   =======         
           TA0R                    0350 
           TA0R_H                  0351 
           TA0R_L                  0350 
    -------------------------------------------------------------------------
DATA16_AN
  Relative segment, address: 0354 - 0355 (0x2 bytes), align: 0
  Segment part 2. ROOT.       Intra module refs:   SetAbsoluteTimer_v (BRRX_Timer)
                                                   is_bluerobin_flash_write_window
           ENTRY                   ADDRESS         REF BY
           =====                   =======         ======
           _A_TA0CCR1_L            0354 
           LOCAL                   ADDRESS         
           =====                   =======         
           TA0CCR1                 0354 
           TA0CCR1_H               0355 
           TA0CCR1_L               0354 
    -------------------------------------------------------------------------
DATA16_Z
  Relative segment, address: 1C94 - 1C9B (0x8 bytes), align: 1
  Segment part 6.             Intra module refs:   display_heartrate
                                                   get_bluerobin_data
                                                   is_bluerobin
                                                   is_bluerobin_searching
                                                   reset_bluerobin
                                                   start_bluerobin
                                                   stop_bluerobin
                                                   sx_bluerobin
           ENTRY                   ADDRESS         REF BY
           =====                   =======         ======
           sBlueRobin              1C94            radio_ISR (radio)
    -------------------------------------------------------------------------
<CODE> 1 (was CODE)
  Relative segment, address: F3DC - F3F1 (0x16 bytes), align: 1
  Segment part 21.
           ENTRY                   ADDRESS         REF BY
           =====                   =======         ======
           reset_bluerobin         F3DC            init_global_variables (main)
               CSTACK = 00000000 ( 00000004 )
    -------------------------------------------------------------------------
<CODE> 1 (was CODE)
  Relative segment, address: FBDC - FBE1 (0x6 bytes), align: 1
  Segment part 20.
           ENTRY                   ADDRESS         REF BY
           =====                   =======         ======
           mx_bluerobin            FBDC            menu_L1_Heartrate (menu)
               CSTACK = 00000000 ( 00000004 )
    -------------------------------------------------------------------------
<CODE> 1 (was CODE)
  Relative segment, address: EA22 - EA51 (0x30 bytes), align: 1
  Segment part 19.
           ENTRY                   ADDRESS         REF BY
           =====                   =======         ======
           sx_bluerobin            EA22            menu_L1_Heartrate (menu)
               calls direct
               CSTACK = 00000000 ( 00000004 )
    -------------------------------------------------------------------------
<CODE> 1 (was CODE)
  Relative segment, address: FB3C - FB43 (0x8 bytes), align: 1
  Segment part 14.            Intra module refs:   display_heartrate
                                                   start_bluerobin
                                                   stop_bluerobin
           LOCAL                   ADDRESS         
           =====                   =======         
           ?Subroutine1            FB3C 
    -------------------------------------------------------------------------
<CODE> 1 (was CODE)
  Relative segment, address: DC3C - DC8D (0x52 bytes), align: 1
  Segment part 18.
           ENTRY                   ADDRESS         REF BY
           =====                   =======         ======
           display_heartrate       DC3C            menu_L1_Heartrate (menu)
               calls direct
               CSTACK = 00000000 ( 00000006 )
    -------------------------------------------------------------------------
<CODE> 1 (was CODE)
  Relative segment, address: F91C - F929 (0xe bytes), align: 1
  Segment part 7.             Intra module refs:   display_heartrate
                                                   is_bluerobin_flash_write_window
           ENTRY                   ADDRESS         REF BY
           =====                   =======         ======
           is_bluerobin            F91C            TIMER0_A0_ISR (timer)
                                                   display_update (main)
                                                   sx_rfbsl (rfbsl)
                                                   sx_sync (rfsimpliciti)
               CSTACK = 00000000 ( 00000004 )
    -------------------------------------------------------------------------
<CODE> 1 (was CODE)
  Relative segment, address: F8F2 - F8FF (0xe bytes), align: 1
  Segment part 17.
           ENTRY                   ADDRESS         REF BY
           =====                   =======         ======
           is_bluerobin_searching
                                   F8F2            TIMER0_A0_ISR (timer)
               CSTACK = 00000000 ( 00000004 )
    -------------------------------------------------------------------------
<CODE> 1 (was CODE)
  Relative segment, address: F006 - F025 (0x20 bytes), align: 1
  Segment part 15.
           ENTRY                   ADDRESS         REF BY
           =====                   =======         ======
           get_bluerobin_data      F006            TIMER0_A0_ISR (timer)
               calls direct
               CSTACK = 00000000 ( 00000004 )
    -------------------------------------------------------------------------
<CODE> 1 (was CODE)
  Relative segment, address: FBB8 - FBBD (0x6 bytes), align: 1
  Segment part 16.            Intra module refs:   get_bluerobin_data
                                                   start_bluerobin
           LOCAL                   ADDRESS         
           =====                   =======         
           ?Subroutine2            FBB8 
    -------------------------------------------------------------------------
<CODE> 1 (was CODE)
  Relative segment, address: F52C - F53F (0x14 bytes), align: 1
  Segment part 10.            Intra module refs:   start_bluerobin
                                                   stop_bluerobin
           LOCAL                   ADDRESS         
           =====                   =======         
           ?Subroutine0            F52C 
    -------------------------------------------------------------------------
<CODE> 1 (was CODE)
  Relative segment, address: BB86 - BC89 (0x104 bytes), align: 1
  Segment part 11.            Intra module refs:   sx_bluerobin
           ENTRY                   ADDRESS         REF BY
           =====                   =======         ======
           start_bluerobin         BB86 
               calls direct
               CSTACK = 00000000 ( 00000006 )
    -------------------------------------------------------------------------
<CODE> 1 (was CODE)
  Relative segment, address: FB6C - FB73 (0x8 bytes), align: 1
  Segment part 12.            Intra module refs:   ?Subroutine0
                                                   start_bluerobin
           LOCAL                   ADDRESS         
           =====                   =======         
           ?Subroutine4            FB6C 
    -------------------------------------------------------------------------
<CODE> 1 (was CODE)
  Relative segment, address: FB74 - FB7B (0x8 bytes), align: 1
  Segment part 13.            Intra module refs:   ?Subroutine0
                                                   start_bluerobin
           LOCAL                   ADDRESS         
           =====                   =======         
           ?Subroutine3            FB74 
    -------------------------------------------------------------------------
<CODE> 1 (was CODE)
  Relative segment, address: EEF2 - EF15 (0x24 bytes), align: 1
  Segment part 9.             Intra module refs:   get_bluerobin_data
                                                   sx_bluerobin
           ENTRY                   ADDRESS         REF BY
           =====                   =======         ======
           stop_bluerobin          EEF2 
               calls direct
               CSTACK = 00000000 ( 00000004 )
    -------------------------------------------------------------------------
<CODE> 1 (was CODE)
  Relative segment, address: F120 - F13D (0x1e bytes), align: 1
  Segment part 8.
           ENTRY                   ADDRESS         REF BY
           =====                   =======         ======
           is_bluerobin_flash_write_window
                                   F120            datalog_sm (datalog)
               calls direct
               CSTACK = 00000000 ( 00000004 )
    -------------------------------------------------------------------------
DATA16_C
  Relative segment, address: 9F00 - 9F03 (0x4 bytes), align: 0
  Segment part 4.             Intra module refs:   display_heartrate
    -------------------------------------------------------------------------
DATA16_C
  Relative segment, address: 9F04 - 9F08 (0x5 bytes), align: 0
  Segment part 5.             Intra module refs:   start_bluerobin

    *************************************************************************

  FILE NAME : C:\Documents and Settings\Leet\Desktop\Watch Back-up\Calorie Reader via Data Logger Template\915MHz - Limited IAR Kickstart (USA)\Obj\clock.r43
  PROGRAM MODULE, NAME : clock

  SEGMENTS IN THE MODULE
  ======================
DATA16_Z
  Relative segment, address: 1C9C - 1CA9 (0xe bytes), align: 1
  Segment part 2.             Intra module refs:   ?Subroutine0
                                                   clock_tick
                                                   display_time
                                                   reset_clock
                                                   sx_time
           ENTRY                   ADDRESS         REF BY
           =====                   =======         ======
           sTime                   1C9C            PORT2_ISR (ports)
                                                   TIMER0_A0_ISR (timer)
                                                   datalog_sm (datalog)
                                                   simpliciti_sync_decode_ap_cmd_callback (rfsimpliciti)
                                                   simpliciti_sync_get_data_callback (rfsimpliciti)
    -------------------------------------------------------------------------
<CODE> 1 (was CODE)
  Relative segment, address: EF16 - EF39 (0x24 bytes), align: 1
  Segment part 12.
           ENTRY                   ADDRESS         REF BY
           =====                   =======         ======
           reset_clock             EF16            init_global_variables (main)
               CSTACK = 00000000 ( 00000004 )
    -------------------------------------------------------------------------
<CODE> 1 (was CODE)
  Relative segment, address: DE6C - DEB7 (0x4c bytes), align: 1
  Segment part 11.
           ENTRY                   ADDRESS         REF BY
           =====                   =======         ======
           clock_tick              DE6C            TIMER0_A0_ISR (timer)
               calls direct
               CSTACK = 00000000 ( 00000004 )
    -------------------------------------------------------------------------
<CODE> 1 (was CODE)
  Relative segment, address: F408 - F41D (0x16 bytes), align: 1
  Segment part 3.             Intra module refs:   ?Subroutine0
           ENTRY                   ADDRESS         REF BY
           =====                   =======         ======
           convert_hour_to_12H_format
                                   F408 
               CSTACK = 00000000 ( 00000004 )
    -------------------------------------------------------------------------
<CODE> 1 (was CODE)
  Relative segment, address: FAB4 - FABD (0xa bytes), align: 1
  Segment part 10.
           ENTRY                   ADDRESS         REF BY
           =====                   =======         ======
           is_hour_am              FAB4            display_am_pm_symbol (display)
               CSTACK = 00000000 ( 00000004 )
    -------------------------------------------------------------------------
<CODE> 1 (was CODE)
  Relative segment, address: F61C - F62D (0x12 bytes), align: 1
  Segment part 9.
           ENTRY                   ADDRESS         REF BY
           =====                   =======         ======
           sx_time                 F61C            menu_L1_Time (menu)
               CSTACK = 00000000 ( 00000004 )
    -------------------------------------------------------------------------
<CODE> 1 (was CODE)
  Relative segment, address: BD86 - BE71 (0xec bytes), align: 1
  Segment part 4.
           ENTRY                   ADDRESS         REF BY
           =====                   =======         ======
           display_time            BD86            menu_L1_Time (menu)
               calls direct
               CSTACK = 00000000 ( 00000008 )
    -------------------------------------------------------------------------
<CODE> 1 (was CODE)
  Relative segment, address: E2D6 - E2E9 (0x14 bytes), align: 1
  Segment part 5.             Intra module refs:   display_time
           LOCAL                   ADDRESS         
           =====                   =======         
           ?Subroutine1            E2D6 
    -------------------------------------------------------------------------
<CODE> 1 (was CODE)
  Relative segment, address: E2EA - E2F7 (0xe bytes), align: 1
  Segment part 6.             Intra module refs:   display_time
           LOCAL                   ADDRESS         
           =====                   =======         
           ?Subroutine0            E2EA 
    -------------------------------------------------------------------------
<CODE> 1 (was CODE)
  Relative segment, address: E2F8 - E307 (0x10 bytes), align: 1
  Segment part 7.             Intra module refs:   ?Subroutine0
                                                   display_time
    -------------------------------------------------------------------------
<CODE> 1 (was CODE)
  Relative segment, address: E308 - E315 (0xe bytes), align: 1
  Segment part 8.             Intra module refs:   ?Subroutine0
                                                   ?Subroutine1
                                                   Segment part 7
           LOCAL                   ADDRESS         
           =====                   =======         
           ?Subroutine2            E308 

    *************************************************************************

  FILE NAME : C:\Documents and Settings\Leet\Desktop\Watch Back-up\Calorie Reader via Data Logger Template\915MHz - Limited IAR Kickstart (USA)\Obj\datalog.r43
  PROGRAM MODULE, NAME : datalog

  SEGMENTS IN THE MODULE
  ======================
DATA16_Z
  Relative segment, address: 1CAA - 1D31 (0x88 bytes), align: 1
  Segment part 3.             Intra module refs:   ?Subroutine1
                                                   datalog_add_to_buffer
                                                   datalog_sm
                                                   datalog_write_buffer
                                                   do_datalog
                                                   is_datalog
                                                   reset_datalog
                                                   sx_datalog
           ENTRY                   ADDRESS         REF BY
           =====                   =======         ======
           sDatalog                1CAA            simpliciti_sync_decode_ap_cmd_callback (rfsimpliciti)
                                                   simpliciti_sync_get_data_callback (rfsimpliciti)
    -------------------------------------------------------------------------
DATA16_Z
  Relative segment, address: 1D32 - 1D33 (0x2 bytes), align: 1
  Segment part 4.             Intra module refs:   do_datalog
           ENTRY                   ADDRESS         REF BY
           =====                   =======         ======
           numlog                  1D32 
    -------------------------------------------------------------------------
DATA16_Z
  Relative segment, address: 1D34 - 1D35 (0x2 bytes), align: 1
  Segment part 5.             Intra module refs:   do_datalog
           ENTRY                   ADDRESS         REF BY
           =====                   =======         ======
           sCal                    1D34 
    -------------------------------------------------------------------------
DATA16_Z
  Relative segment, address: 1D36 - 1D37 (0x2 bytes), align: 1
  Segment part 6.             Intra module refs:   do_datalog
           ENTRY                   ADDRESS         REF BY
           =====                   =======         ======
           sdist                   1D36 
    -------------------------------------------------------------------------
<CODE> 1 (was CODE)
  Relative segment, address: EDC6 - EDEB (0x26 bytes), align: 1
  Segment part 18.
           ENTRY                   ADDRESS         REF BY
           =====                   =======         ======
           reset_datalog           EDC6            init_global_variables (main)
               calls direct
               CSTACK = 00000000 ( 00000006 )
    -------------------------------------------------------------------------
<CODE> 1 (was CODE)
  Relative segment, address: F4C8 - F4DB (0x14 bytes), align: 1
  Segment part 19.            Intra module refs:   datalog_sm
                                                   reset_datalog
           LOCAL                   ADDRESS         
           =====                   =======         
           ?Subroutine0            F4C8 
    -------------------------------------------------------------------------
<CODE> 1 (was CODE)
  Relative segment, address: E95E - E98F (0x32 bytes), align: 1
  Segment part 17.
           ENTRY                   ADDRESS         REF BY
           =====                   =======         ======
           sx_datalog              E95E            menu_L2_DataLog (menu)
               calls direct
               CSTACK = 00000000 ( 00000004 )
    -------------------------------------------------------------------------
<CODE> 1 (was CODE)
  Relative segment, address: F15C - F179 (0x1e bytes), align: 1
  Segment part 16.            Intra module refs:   sx_datalog
           ENTRY                   ADDRESS         REF BY
           =====                   =======         ======
           start_datalog           F15C 
               calls direct
               CSTACK = 00000000 ( 00000004 )
    -------------------------------------------------------------------------
<CODE> 1 (was CODE)
  Relative segment, address: F248 - F263 (0x1c bytes), align: 1
  Segment part 15.            Intra module refs:   sx_datalog
           ENTRY                   ADDRESS         REF BY
           =====                   =======         ======
           stop_datalog            F248            start_simpliciti_sync (rfsimpliciti)
               calls direct
               CSTACK = 00000000 ( 00000004 )
    -------------------------------------------------------------------------
<CODE> 1 (was CODE)
  Relative segment, address: FB84 - FB8B (0x8 bytes), align: 1
  Segment part 14.
           ENTRY                   ADDRESS         REF BY
           =====                   =======         ======
           is_datalog              FB84            TIMER0_A0_ISR (timer)
                                                   stop_altitude_measurement (altitude)
               CSTACK = 00000000 ( 00000004 )
    -------------------------------------------------------------------------
<CODE> 1 (was CODE)
  Relative segment, address: F4F0 - F503 (0x14 bytes), align: 1
  Segment part 13.
           ENTRY                   ADDRESS         REF BY
           =====                   =======         ======
           display_datalog         F4F0            menu_L2_DataLog (menu)
               calls direct
               CSTACK = 00000000 ( 00000004 )
    -------------------------------------------------------------------------
<CODE> 1 (was CODE)
  Relative segment, address: C03E - C123 (0xe6 bytes), align: 1
  Segment part 11.
           ENTRY                   ADDRESS         REF BY
           =====                   =======         ======
           do_datalog              C03E            process_requests (main)
               calls direct
               CSTACK = 00000000 ( 00000012 )
    -------------------------------------------------------------------------
<CODE> 1 (was CODE)
  Relative segment, address: F866 - F873 (0xe bytes), align: 1
  Segment part 12.            Intra module refs:   do_datalog
           LOCAL                   ADDRESS         
           =====                   =======         
           ?Subroutine2            F866 
    -------------------------------------------------------------------------
<CODE> 1 (was CODE)
  Relative segment, address: F102 - F11F (0x1e bytes), align: 1
  Segment part 8.             Intra module refs:   datalog_sm
           ENTRY                   ADDRESS         REF BY
           =====                   =======         ======
           datalog_add_to_buffer   F102 
               CSTACK = 00000000 ( 00000004 )
    -------------------------------------------------------------------------
<CODE> 1 (was CODE)
  Relative segment, address: C8FC - C9A3 (0xa8 bytes), align: 1
  Segment part 7.             Intra module refs:   datalog_sm
           ENTRY                   ADDRESS         REF BY
           =====                   =======         ======
           datalog_write_buffer    C8FC 
               calls direct
               CSTACK = 00000000 ( 0000000E )
    -------------------------------------------------------------------------
<CODE> 1 (was CODE)
  Relative segment, address: BF58 - C03D (0xe6 bytes), align: 1
  Segment part 9.             Intra module refs:   do_datalog
                                                   start_datalog
                                                   stop_datalog
           ENTRY                   ADDRESS         REF BY
           =====                   =======         ======
           datalog_sm              BF58 
               calls direct
               CSTACK = 00000000 ( 00000008 )
    -------------------------------------------------------------------------
<CODE> 1 (was CODE)
  Relative segment, address: FA04 - FA0F (0xc bytes), align: 1
  Segment part 10.            Intra module refs:   datalog_sm
           LOCAL                   ADDRESS         
           =====                   =======         
           ?Subroutine1            FA04 
    -------------------------------------------------------------------------
DATA16_C
  Relative segment, address: 9F09 - 9F0E (0x6 bytes), align: 0
  Segment part 2.             Intra module refs:   display_datalog

    *************************************************************************

  FILE NAME : C:\Documents and Settings\Leet\Desktop\Watch Back-up\Calorie Reader via Data Logger Template\915MHz - Limited IAR Kickstart (USA)\Obj\date.r43
  PROGRAM MODULE, NAME : date

  SEGMENTS IN THE MODULE
  ======================
DATA16_Z
  Relative segment, address: 1D38 - 1D3D (0x6 bytes), align: 1
  Segment part 2.             Intra module refs:   add_day
                                                   display_date
                                                   reset_date
                                                   sx_date
           ENTRY                   ADDRESS         REF BY
           =====                   =======         ======
           sDate                   1D38            datalog_sm (datalog)
                                                   simpliciti_sync_decode_ap_cmd_callback (rfsimpliciti)
                                                   simpliciti_sync_get_data_callback (rfsimpliciti)
    -------------------------------------------------------------------------
<CODE> 1 (was CODE)
  Relative segment, address: F554 - F567 (0x14 bytes), align: 1
  Segment part 10.
           ENTRY                   ADDRESS         REF BY
           =====                   =======         ======
           reset_date              F554            init_global_variables (main)
               CSTACK = 00000000 ( 00000004 )
    -------------------------------------------------------------------------
<CODE> 1 (was CODE)
  Relative segment, address: D4B2 - D525 (0x74 bytes), align: 1
  Segment part 8.             Intra module refs:   add_day
           ENTRY                   ADDRESS         REF BY
           =====                   =======         ======
           get_numberOfDays        D4B2 
               CSTACK = 00000000 ( 00000006 )
    -------------------------------------------------------------------------
<CODE> 1 (was CODE)
  Relative segment, address: E53E - E577 (0x3a bytes), align: 1
  Segment part 9.
           ENTRY                   ADDRESS         REF BY
           =====                   =======         ======
           add_day                 E53E            clock_tick (clock)
               calls direct
               CSTACK = 00000000 ( 00000008 )
    -------------------------------------------------------------------------
<CODE> 1 (was CODE)
  Relative segment, address: F5C2 - F5D3 (0x12 bytes), align: 1
  Segment part 7.
           ENTRY                   ADDRESS         REF BY
           =====                   =======         ======
           sx_date                 F5C2            menu_L2_Date (menu)
               CSTACK = 00000000 ( 00000004 )
    -------------------------------------------------------------------------
<CODE> 1 (was CODE)
  Relative segment, address: D0BC - D143 (0x88 bytes), align: 1
  Segment part 3.
           ENTRY                   ADDRESS         REF BY
           =====                   =======         ======
           display_date            D0BC            menu_L2_Date (menu)
               calls direct
               CSTACK = 00000000 ( 00000008 )
    -------------------------------------------------------------------------
<CODE> 1 (was CODE)
  Relative segment, address: F74C - F75B (0x10 bytes), align: 1
  Segment part 4.             Intra module refs:   display_date
           LOCAL                   ADDRESS         
           =====                   =======         
           ?Subroutine1            F74C 
    -------------------------------------------------------------------------
<CODE> 1 (was CODE)
  Relative segment, address: F5E6 - F5F7 (0x12 bytes), align: 1
  Segment part 5.             Intra module refs:   display_date
           LOCAL                   ADDRESS         
           =====                   =======         
           ?Subroutine0            F5E6 
    -------------------------------------------------------------------------
<CODE> 1 (was CODE)
  Relative segment, address: F8AC - F8B9 (0xe bytes), align: 1
  Segment part 6.             Intra module refs:   ?Subroutine0
                                                   display_date
           LOCAL                   ADDRESS         
           =====                   =======         
           ?Subroutine2            F8AC 

    *************************************************************************

  FILE NAME : C:\Documents and Settings\Leet\Desktop\Watch Back-up\Calorie Reader via Data Logger Template\915MHz - Limited IAR Kickstart (USA)\Obj\flash.r43
  PROGRAM MODULE, NAME : flash

  SEGMENTS IN THE MODULE
  ======================
DATA16_AN
  Relative segment, address: 0140 - 0141 (0x2 bytes), align: 0
  Segment part 1. ROOT.       Intra module refs:   flash_erase_page
                                                   flash_write
           ENTRY                   ADDRESS         REF BY
           =====                   =======         ======
           _A_FCTL1_L              0140 
           LOCAL                   ADDRESS         
           =====                   =======         
           FCTL1                   0140 
           FCTL1_H                 0141 
           FCTL1_L                 0140 
    -------------------------------------------------------------------------
DATA16_AN
  Relative segment, address: 0144 - 0145 (0x2 bytes), align: 0
  Segment part 2. ROOT.       Intra module refs:   flash_erase_page
                                                   flash_write
           ENTRY                   ADDRESS         REF BY
           =====                   =======         ======
           _A_FCTL3_L              0144 
           LOCAL                   ADDRESS         
           =====                   =======         
           FCTL3                   0144 
           FCTL3_H                 0145 
           FCTL3_L                 0144 
    -------------------------------------------------------------------------
<CODE> 1 (was CODE)
  Relative segment, address: F17A - F187 (0xe bytes), align: 1
  Segment part 4.
           ENTRY                   ADDRESS         REF BY
           =====                   =======         ======
           flash_write             F17A            datalog_write_buffer (datalog)
               CSTACK = 00000000 ( 00000004 )
    -------------------------------------------------------------------------
<CODE> 1 (was CODE)
  Relative segment, address: F188 - F197 (0x10 bytes), align: 1
  Segment part 5.             Intra module refs:   flash_erase_page
                                                   flash_write
           LOCAL                   ADDRESS         
           =====                   =======         
           ?Subroutine1            F188 
    -------------------------------------------------------------------------
<CODE> 1 (was CODE)
  Relative segment, address: ECFE - ED27 (0x2a bytes), align: 1
  Segment part 6.
           ENTRY                   ADDRESS         REF BY
           =====                   =======         ======
           flash_erase_page        ECFE            ?Subroutine0 (datalog)
                                                   simpliciti_sync_decode_ap_cmd_callback (rfsimpliciti)
               CSTACK = 00000000 ( 00000004 )
    -------------------------------------------------------------------------
<CODE> 1 (was CODE)
  Relative segment, address: F664 - F675 (0x12 bytes), align: 1
  Segment part 7.             Intra module refs:   flash_erase_page
                                                   flash_write
           LOCAL                   ADDRESS         
           =====                   =======         
           ?Subroutine0            F664 

    *************************************************************************

  FILE NAME : C:\Documents and Settings\Leet\Desktop\Watch Back-up\Calorie Reader via Data Logger Template\915MHz - Limited IAR Kickstart (USA)\Obj\main.r43
  PROGRAM MODULE, NAME : main

  SEGMENTS IN THE MODULE
  ======================
DATA16_AN
  Relative segment, address: 0202 - 0203 (0x2 bytes), align: 0
  Segment part 2. ROOT.       Intra module refs:   as_init (vti_as)
                                                   as_stop (vti_as)
                                                   init_application
                                                   init_buttons (ports)
                                                   stop_buzzer (buzzer)
                                                   toggle_buzzer (buzzer)
           ENTRY                   ADDRESS         REF BY
           =====                   =======         ======
           _A_PAOUT_L              0202 
           LOCAL                   ADDRESS         
           =====                   =======         
           PAOUT                   0202 
           PAOUT_H                 0203 
           PAOUT_L                 0202 
    -------------------------------------------------------------------------
DATA16_AN
  Relative segment, address: 0204 - 0205 (0x2 bytes), align: 0
  Segment part 3. ROOT.       Intra module refs:   as_init (vti_as)
                                                   as_start (vti_as)
                                                   as_stop (vti_as)
                                                   init_application
                                                   init_buttons (ports)
                                                   ps_init (vti_ps)
           ENTRY                   ADDRESS         REF BY
           =====                   =======         ======
           _A_PADIR_L              0204 
           LOCAL                   ADDRESS         
           =====                   =======         
           PADIR                   0204 
           PADIR_H                 0205 
           PADIR_L                 0204 
    -------------------------------------------------------------------------
DATA16_AN
  Relative segment, address: 024A - 024B (0x2 bytes), align: 0
  Segment part 4. ROOT.       Intra module refs:   init_application
                                                   lcd_init (display)
           ENTRY                   ADDRESS         REF BY
           =====                   =======         ======
           _A_PCSEL_L              024A 
           LOCAL                   ADDRESS         
           =====                   =======         
           PCSEL                   024A 
           PCSEL_H                 024B 
           PCSEL_L                 024A 
    -------------------------------------------------------------------------
DATA16_AN
  Relative segment, address: 01C0 - 01C1 (0x2 bytes), align: 0
  Segment part 5. ROOT.       Intra module refs:   init_application
           ENTRY                   ADDRESS         REF BY
           =====                   =======         ======
           _A_PMAPKEYID_L          01C0 
           LOCAL                   ADDRESS         
           =====                   =======         
           PMAPKEYID               01C0 
           PMAPKEYID_H             01C1 
           PMAPKEYID_L             01C0 
    -------------------------------------------------------------------------
DATA16_AN
  Relative segment, address: 01C2 - 01C3 (0x2 bytes), align: 0
  Segment part 6. ROOT.       Intra module refs:   init_application
           ENTRY                   ADDRESS         REF BY
           =====                   =======         ======
           _A_PMAPCTL_L            01C2 
           LOCAL                   ADDRESS         
           =====                   =======         
           PMAPCTL                 01C2 
           PMAPCTL_H               01C3 
           PMAPCTL_L               01C2 
    -------------------------------------------------------------------------
DATA16_AN
  Relative segment, address: 01C8 - 01C9 (0x2 bytes), align: 0
  Segment part 7. ROOT.       Intra module refs:   init_application
           ENTRY                   ADDRESS         REF BY
           =====                   =======         ======
           _A_P1MAP01_L            01C8 
           LOCAL                   ADDRESS         
           =====                   =======         
           P1MAP01                 01C8 
           P1MAP01_H               01C9 
           P1MAP01_L               01C8 
    -------------------------------------------------------------------------
DATA16_AN
  Relative segment, address: 01D0 - 01D1 (0x2 bytes), align: 0
  Segment part 8. ROOT.       Intra module refs:   init_application
           ENTRY                   ADDRESS         REF BY
           =====                   =======         ======
           _A_P2MAP01_L            01D0 
           LOCAL                   ADDRESS         
           =====                   =======         
           P2MAP01                 01D0 
           P2MAP01_H               01D1 
           P2MAP01_L               01D0 
    -------------------------------------------------------------------------
DATA16_AN
  Relative segment, address: 0120 - 0121 (0x2 bytes), align: 0
  Segment part 9. ROOT.       Intra module refs:   SetVCore (bsp)
                                                   SetVCore (pmm)
                                                   SetVCoreDown (pmm)
                                                   SetVCoreUp (bsp)
                                                   SetVCoreUp (pmm)
                                                   init_application
           ENTRY                   ADDRESS         REF BY
           =====                   =======         ======
           _A_PMMCTL0_L            0120 
           LOCAL                   ADDRESS         
           =====                   =======         
           PMMCTL0                 0120 
           PMMCTL0_H               0121 
           PMMCTL0_L               0120 
    -------------------------------------------------------------------------
DATA16_AN
  Relative segment, address: 0102 - 0103 (0x2 bytes), align: 0
  Segment part 10. ROOT.      Intra module refs:   Bsp_SetClocks (bsp)
                                                   init_application
           ENTRY                   ADDRESS         REF BY
           =====                   =======         ======
           _A_SFRIFG1_L            0102 
           LOCAL                   ADDRESS         
           =====                   =======         
           SFRIFG1                 0102 
           SFRIFG1_H               0103 
           SFRIFG1_L               0102 
    -------------------------------------------------------------------------
DATA16_AN
  Relative segment, address: 0160 - 0161 (0x2 bytes), align: 0
  Segment part 11. ROOT.      Intra module refs:   Bsp_SetClocks (bsp)
                                                   init_application
           ENTRY                   ADDRESS         REF BY
           =====                   =======         ======
           _A_UCSCTL0_L            0160 
           LOCAL                   ADDRESS         
           =====                   =======         
           UCSCTL0                 0160 
           UCSCTL0_H               0161 
           UCSCTL0_L               0160 
    -------------------------------------------------------------------------
DATA16_AN
  Relative segment, address: 0162 - 0163 (0x2 bytes), align: 0
  Segment part 12. ROOT.      Intra module refs:   Bsp_SetClocks (bsp)
                                                   init_application
           ENTRY                   ADDRESS         REF BY
           =====                   =======         ======
           _A_UCSCTL1_L            0162 
           LOCAL                   ADDRESS         
           =====                   =======         
           UCSCTL1                 0162 
           UCSCTL1_H               0163 
           UCSCTL1_L               0162 
    -------------------------------------------------------------------------
DATA16_AN
  Relative segment, address: 0164 - 0165 (0x2 bytes), align: 0
  Segment part 13. ROOT.      Intra module refs:   Bsp_SetClocks (bsp)
                                                   init_application
           ENTRY                   ADDRESS         REF BY
           =====                   =======         ======
           _A_UCSCTL2_L            0164 
           LOCAL                   ADDRESS         
           =====                   =======         
           UCSCTL2                 0164 
           UCSCTL2_H               0165 
           UCSCTL2_L               0164 
    -------------------------------------------------------------------------
DATA16_AN
  Relative segment, address: 0166 - 0167 (0x2 bytes), align: 0
  Segment part 14. ROOT.      Intra module refs:   Bsp_SetClocks (bsp)
                                                   init_application
           ENTRY                   ADDRESS         REF BY
           =====                   =======         ======
           _A_UCSCTL3_L            0166 
           LOCAL                   ADDRESS         
           =====                   =======         
           UCSCTL3                 0166 
           UCSCTL3_H               0167 
           UCSCTL3_L               0166 
    -------------------------------------------------------------------------
DATA16_AN
  Relative segment, address: 0168 - 0169 (0x2 bytes), align: 0
  Segment part 15. ROOT.      Intra module refs:   Bsp_SetClocks (bsp)
                                                   init_application
           ENTRY                   ADDRESS         REF BY
           =====                   =======         ======
           _A_UCSCTL4_L            0168 
           LOCAL                   ADDRESS         
           =====                   =======         
           UCSCTL4                 0168 
           UCSCTL4_H               0169 
           UCSCTL4_L               0168 
    -------------------------------------------------------------------------
DATA16_AN
  Relative segment, address: 016C - 016D (0x2 bytes), align: 0
  Segment part 16. ROOT.      Intra module refs:   init_application
           ENTRY                   ADDRESS         REF BY
           =====                   =======         ======
           _A_UCSCTL6_L            016C 
           LOCAL                   ADDRESS         
           =====                   =======         
           UCSCTL6                 016C 
           UCSCTL6_H               016D 
           UCSCTL6_L               016C 
    -------------------------------------------------------------------------
DATA16_AN
  Relative segment, address: 016E - 016F (0x2 bytes), align: 0
  Segment part 17. ROOT.      Intra module refs:   Bsp_SetClocks (bsp)
                                                   init_application
           ENTRY                   ADDRESS         REF BY
           =====                   =======         ======
           _A_UCSCTL7_L            016E 
           LOCAL                   ADDRESS         
           =====                   =======         
           UCSCTL7                 016E 
           UCSCTL7_H               016F 
           UCSCTL7_L               016E 
    -------------------------------------------------------------------------
DATA16_AN
  Relative segment, address: 015C - 015D (0x2 bytes), align: 0
  Segment part 18. ROOT.      Intra module refs:   Timer0_A4_Delay (timer)
                                                   __low_level_init (bsp)
                                                   init_application
                                                   main
                                                   simpliciti_link (main_ED_BM)
                                                   simpliciti_main_sync (main_ED_BM)
           ENTRY                   ADDRESS         REF BY
           =====                   =======         ======
           _A_WDTCTL_L             015C 
           LOCAL                   ADDRESS         
           =====                   =======         
           WDTCTL                  015C 
           WDTCTL_H                015D 
           WDTCTL_L                015C 
    -------------------------------------------------------------------------
DATA16_Z
  Relative segment, address: 1D3E - 1D3F (0x2 bytes), align: 1
  Segment part 26.            Intra module refs:   init_global_variables
                                                   main
                                                   wakeup_event
           ENTRY                   ADDRESS         REF BY
           =====                   =======         ======
           sys                     1D3E            ?Subroutine1 (date)
                                                   PORT2_ISR (ports)
                                                   TIMER0_A0_ISR (timer)
                                                   TIMER0_A1_5_ISR (timer)
                                                   Timer0_A4_Delay (timer)
                                                   battery_measurement (battery)
                                                   display_altitude (altitude)
                                                   display_temperature (temperature)
                                                   display_time (clock)
                                                   simpliciti_sync_decode_ap_cmd_callback (rfsimpliciti)
                                                   simpliciti_sync_get_data_callback (rfsimpliciti)
                                                   sx_bluerobin (bluerobin)
                                                   sx_rfbsl (rfbsl)
                                                   sx_sync (rfsimpliciti)
    -------------------------------------------------------------------------
DATA16_Z
  Relative segment, address: 1D40 - 1D41 (0x2 bytes), align: 1
  Segment part 27.            Intra module refs:   init_global_variables
                                                   main
                                                   process_requests
           ENTRY                   ADDRESS         REF BY
           =====                   =======         ======
           request                 1D40            PORT2_ISR (ports)
                                                   TIMER0_A0_ISR (timer)
    -------------------------------------------------------------------------
DATA16_Z
  Relative segment, address: 1D42 - 1D43 (0x2 bytes), align: 1
  Segment part 28.            Intra module refs:   display_update
                                                   init_global_variables
                                                   wakeup_event
           ENTRY                   ADDRESS         REF BY
           =====                   =======         ======
           message                 1D42            TIMER0_A0_ISR (timer)
                                                   sx_datalog (datalog)
    -------------------------------------------------------------------------
DATA16_Z
  Relative segment, address: 1E1C - 1E1C (0x1 bytes), align: 0
  Segment part 29.            Intra module refs:   read_calibration_values
           ENTRY                   ADDRESS         REF BY
           =====                   =======         ======
           rf_frequoffset          1E1C            BRRX_Init_v (BRRX_API)
                                                   MRFI_Init (mrfi)
                                                   start_bluerobin (bluerobin)
    -------------------------------------------------------------------------
DATA16_Z
  Relative segment, address: 1D44 - 1D47 (0x4 bytes), align: 1
  Segment part 30.            Intra module refs:   display_update
                                                   init_global_variables
                                                   wakeup_event
           ENTRY                   ADDRESS         REF BY
           =====                   =======         ======
           fptr_lcd_function_line1
                                   1D44            start_simpliciti_sync (rfsimpliciti)
    -------------------------------------------------------------------------
DATA16_Z
  Relative segment, address: 1D48 - 1D4B (0x4 bytes), align: 1
  Segment part 31.            Intra module refs:   display_update
                                                   init_global_variables
                                                   wakeup_event
           ENTRY                   ADDRESS         REF BY
           =====                   =======         ======
           fptr_lcd_function_line2
                                   1D48 
    -------------------------------------------------------------------------
<CODE> 1 (was CODE)
  Relative segment, address: E578 - E5B1 (0x3a bytes), align: 1
  Segment part 42.
           ENTRY                   ADDRESS         REF BY
           =====                   =======         ======
           main                    E578            Segment part 19 (?cstart)
               calls direct
               CSTACK = 00000000 ( 00000004 )
    -------------------------------------------------------------------------
<CODE> 1 (was CODE)
  Relative segment, address: C61A - C6DB (0xc2 bytes), align: 1
  Segment part 41.            Intra module refs:   main
           ENTRY                   ADDRESS         REF BY
           =====                   =======         ======
           init_application        C61A 
               calls direct
               CSTACK = 00000000 ( 00000004 )
    -------------------------------------------------------------------------
<CODE> 1 (was CODE)
  Relative segment, address: D7A2 - D805 (0x64 bytes), align: 1
  Segment part 40.            Intra module refs:   main
           ENTRY                   ADDRESS         REF BY
           =====                   =======         ======
           init_global_variables   D7A2 
               calls direct
               CSTACK = 00000000 ( 00000004 )
    -------------------------------------------------------------------------
<CODE> 1 (was CODE)
  Relative segment, address: B84A - B965 (0x11c bytes), align: 1
  Segment part 38.            Intra module refs:   main
           ENTRY                   ADDRESS         REF BY
           =====                   =======         ======
           wakeup_event            B84A 
               calls direct and indirect
               CSTACK = 00000000 ( 00000004 )
    -------------------------------------------------------------------------
<CODE> 1 (was CODE)
  Relative segment, address: FAA0 - FAA9 (0xa bytes), align: 1
  Segment part 39.            Intra module refs:   wakeup_event
[...]
                                                   do_datalog (datalog)
                                                   get_numberOfDays (date)

    -------------------------------------------------------------------------
  LIBRARY MODULE, NAME : ?DivMod816s

  SEGMENTS IN THE MODULE
  ======================
<CODE> 1 (was CODE)
  Relative segment, address: E85C - E88F (0x34 bytes), align: 1
  Segment part 0.
           ENTRY                   ADDRESS         REF BY
           =====                   =======         ======
           ?DivMod8s               E85C 
           ?DivMod16s              E860            ?Subroutine0 (temperature)
                                                   Mrfi_CalculateRssi (mrfi)

    -------------------------------------------------------------------------
  LIBRARY MODULE, NAME : ?DivMod32u

  SEGMENTS IN THE MODULE
  ======================
<CODE> 1 (was CODE)
  Relative segment, address: E780 - E7B7 (0x38 bytes), align: 1
  Segment part 0.
           ENTRY                   ADDRESS         REF BY
           =====                   =======         ======
           ?DivMod32u              E780            ?DivMod32s (?DivMod32s)
                                                   Segment part 25 (display)

    -------------------------------------------------------------------------
  LIBRARY MODULE, NAME : ?DivMod32s

  SEGMENTS IN THE MODULE
  ======================
<CODE> 1 (was CODE)
  Relative segment, address: E296 - E2D5 (0x40 bytes), align: 1
  Segment part 0.
           ENTRY                   ADDRESS         REF BY
           =====                   =======         ======
           ?DivMod32s              E296            display_altitude (altitude)

    -------------------------------------------------------------------------
  LIBRARY MODULE, NAME : ?OneBitMask32

  SEGMENTS IN THE MODULE
  ======================
<CODE> 1 (was CODE)
  Relative segment, address: EFA0 - EFC1 (0x22 bytes), align: 1
  Segment part 0.
           ENTRY                   ADDRESS         REF BY
           =====                   =======         ======
           ?OneBitMask32           EFA0            convert_acceleration_value_to_mgrav (acceleration)

    -------------------------------------------------------------------------
  LIBRARY MODULE, NAME : ?ShiftRight32u

  SEGMENTS IN THE MODULE
  ======================
<CODE> 1 (was CODE)
  Relative segment, address: D8C8 - D907 (0x40 bytes), align: 1
  Segment part 0.
           ENTRY                   ADDRESS         REF BY
           =====                   =======         ======
           ?ShiftRight32u          D8C8            convert_acceleration_value_to_mgrav (acceleration)
    -------------------------------------------------------------------------
<CODE> 1 (was CODE)
  Relative segment, address: D908 - D90B (0x4 bytes), align: 1
  Segment part 1.             Intra module refs:   ?ShiftRight32u
           ENTRY                   ADDRESS         REF BY
           =====                   =======         ======
           ?ShiftRight32u_7        D908 
    -------------------------------------------------------------------------
<CODE> 1 (was CODE)
  Relative segment, address: D90C - D90F (0x4 bytes), align: 1
  Segment part 2.             Intra module refs:   ?ShiftRight32u_7
           ENTRY                   ADDRESS         REF BY
           =====                   =======         ======
           ?ShiftRight32u_6        D90C 
    -------------------------------------------------------------------------
<CODE> 1 (was CODE)
  Relative segment, address: D910 - D913 (0x4 bytes), align: 1
  Segment part 3.             Intra module refs:   ?ShiftRight32u_6
           ENTRY                   ADDRESS         REF BY
           =====                   =======         ======
           ?ShiftRight32u_5        D910 
    -------------------------------------------------------------------------
<CODE> 1 (was CODE)
  Relative segment, address: D914 - D917 (0x4 bytes), align: 1
  Segment part 4.             Intra module refs:   ?ShiftRight32u_5
           ENTRY                   ADDRESS         REF BY
           =====                   =======         ======
           ?ShiftRight32u_4        D914 
    -------------------------------------------------------------------------
<CODE> 1 (was CODE)
  Relative segment, address: D918 - D91B (0x4 bytes), align: 1
  Segment part 5.             Intra module refs:   ?ShiftRight32u_4
           ENTRY                   ADDRESS         REF BY
           =====                   =======         ======
           ?ShiftRight32u_3        D918 
    -------------------------------------------------------------------------
<CODE> 1 (was CODE)
  Relative segment, address: D91C - D925 (0xa bytes), align: 1
  Segment part 6.             Intra module refs:   ?ShiftRight32u_3
           ENTRY                   ADDRESS         REF BY
           =====                   =======         ======
           ?ShiftRight32u_2        D91C 

    -------------------------------------------------------------------------
  LIBRARY MODULE, NAME : ?memcmp

  SEGMENTS IN THE MODULE
  ======================
<CODE> 1 (was CODE)
  Relative segment, address: F046 - F065 (0x20 bytes), align: 1
  Segment part 2.
           ENTRY                   ADDRESS         REF BY
           =====                   =======         ======
           memcmp                  F046            Segment part 18 (nwk)
                                                   dispatchFrame (nwk_frame)
                                                   nwk_QfindOldest (nwk_QMgmt)
                                                   nwk_processMgmt (nwk_mgmt)
               CSTACK = 00000000 ( 00000004 )

    -------------------------------------------------------------------------
  LIBRARY MODULE, NAME : ?memcpy

  SEGMENTS IN THE MODULE
  ======================
<CODE> 1 (was CODE)
  Relative segment, address: F6D0 - F6E1 (0x12 bytes), align: 1
  Segment part 2.
           ENTRY                   ADDRESS         REF BY
           =====                   =======         ======
           memcpy                  F6D0            SMPL_Ioctl (nwk_api)
                                                   SMPL_SendOpt (nwk_api)
                                                   Segment part 14 (nwk_link)
                                                   Segment part 15 (nwk_globals)
                                                   __data16_memcpy (?memzero)
                                                   display_update (main)
                                                   itoa (display)
                                                   nwk_buildFrame (nwk_frame)
                                                   nwk_deviceAddress (nwk_ioctl)
                                                   nwk_join (nwk_join)
                                                   nwk_link (nwk_link)
                                                   nwk_nwkInit (nwk)
                                                   nwk_radioControl (nwk_ioctl)
                                                   nwk_rawSend (nwk_ioctl)
                                                   nwk_retrieveFrame (nwk_frame)
                                                   nwk_sendAckReply (nwk_frame)
                                                   nwk_setAPAddress (nwk_globals)
                                                   smpl_send_ping_reply (nwk_ping)
                                                   smpl_send_unlink_reply (nwk_link)
               CSTACK = 00000000 ( 00000004 )

    -------------------------------------------------------------------------
  LIBRARY MODULE, NAME : ?memmove

  SEGMENTS IN THE MODULE
  ======================
<CODE> 1 (was CODE)
  Relative segment, address: E890 - E8C3 (0x34 bytes), align: 1
  Segment part 2.
           ENTRY                   ADDRESS         REF BY
           =====                   =======         ======
           memmove                 E890            nwk_getNumObjectFromMsg (nwk)
                                                   nwk_putNumObjectIntoMsg (nwk)
               CSTACK = 00000000 ( 00000006 )

    -------------------------------------------------------------------------
  LIBRARY MODULE, NAME : ?CopyMemoryBytes

  SEGMENTS IN THE MODULE
  ======================
<CODE> 1 (was CODE)
  Relative segment, address: F7DC - F7EB (0x10 bytes), align: 1
  Segment part 0.
           ENTRY                   ADDRESS         REF BY
           =====                   =======         ======
           ?CopyMemoryBytes        F7DC            MRFI_Receive (mrfi)

    -------------------------------------------------------------------------
  LIBRARY MODULE, NAME : ?memset

  SEGMENTS IN THE MODULE
  ======================
<CODE> 1 (was CODE)
  Relative segment, address: F568 - F579 (0x12 bytes), align: 1
  Segment part 2.
           ENTRY                   ADDRESS         REF BY
           =====                   =======         ======
           memset                  F568            MRFI_Init (mrfi)
                                                   Segment part 63 (mrfi)
                                                   nwk_QInit (nwk_QMgmt)
                                                   nwk_allocateLocalRxPort (nwk)
                                                   nwk_globalsInit (nwk_globals)
                                                   nwk_linkInit (nwk_link)
                                                   nwk_nwkInit (nwk)
               CSTACK = 00000000 ( 00000004 )

    -------------------------------------------------------------------------
  LIBRARY MODULE, NAME : ?memzero

  SEGMENTS IN THE MODULE
  ======================
<CODE> 1 (was CODE)
  Relative segment, address: F5B0 - F5C1 (0x12 bytes), align: 1
  Segment part 4.
           ENTRY                   ADDRESS         REF BY
           =====                   =======         ======
           __data16_memzero        F5B0            ?cstart_init_zero (?cstart)
               CSTACK = 00000000 ( 00000004 )
    -------------------------------------------------------------------------
<CODE> 1 (was CODE)
  Relative segment, address: FBFC - FBFF (0x4 bytes), align: 1
  Segment part 3.
           ENTRY                   ADDRESS         REF BY
           =====                   =======         ======
           __data16_memcpy         FBFC            ?cstart_init_copy (?cstart)
               calls direct
               CSTACK = 00000000 ( 00000004 )

    -------------------------------------------------------------------------
  LIBRARY MODULE, NAME : ?IndCallR15

  SEGMENTS IN THE MODULE
  ======================
<CODE> 1 (was CODE)
  Relative segment, address: FC10 - FC13 (0x4 bytes), align: 1
  Segment part 0.
           ENTRY                   ADDRESS         REF BY
           =====                   =======         ======
           ?IndCallR15             FC10            ?Subroutine0 (main)
                                                   ?Subroutine1 (main)
                                                   dispatchFrame (nwk_frame)
                                                   wakeup_event (main)




                ****************************************
                *                                      *
                *            MODULE SUMMARY            *
                *                                      *
                ****************************************

Module                CODE      DATA      CONST
------                ----      ----      -----
                     (Rel)  (Rel)  (Abs)  (Rel)
?Cast32f32i            146
?CopyMemoryBytes        16
?DivMod32s              64
?DivMod32u              56
?DivMod816s             52
?DivMod816u             28
?FLT_Extract            76
?FLT_LT                 82
?IndCallR15              4
?Mul32                  46
?Mul816                 50
?OneBitMask32           34
?ShiftRight32u          94
?__dbg_break             2
?__exit                 22
?_exit                   4
?cstart                 48
?exit                    4
?memcmp                 32
?memcpy                 18
?memmove                52
?memset                 18
?memzero                22
?reset_vector            2
BRRX_API               472      4
BRRX_Packet             38      4
BRRX_Radio             488      4            39
  + shared                             6
BRRX_Resource                  26             2
BRRX_Scheduler       1 616     10
BRRX_Timer             150      7      2
BR_common              146     10           256
_Add32f                354
_Cast32fto32u           12
_CmpLt32f               10
_Div32f                304
_Mul32f                272
acceleration           140      8            14
adc12                  136      3     13
  + common             114
altitude               656     16             4
  + shared                             6
battery                116      6
bluerobin              594      8             9
  + shared                             4
bsp                    306             4
buzzer                 194      8
  + shared                            10
clock                  462     14
datalog                878    142             6
date                   396      6
display                806     10     14      8
display1                       84           712
flash                   90             4
main                 1 210     15     10     38
  + shared                            24
main_ED_BM             350      1
menu                    26      4           144
mrfi                 1 878     59      4     80
nwk                    960     29            29
nwk_QMgmt              406    140
nwk_api                618      1
nwk_frame              712      9            24
nwk_freq                 6
nwk_globals            112      9             9
nwk_ioctl              360
nwk_join               340      9
nwk_link               916      8
nwk_mgmt                68      1
nwk_ping               122      1
nwk_security             6
pmm                    138
  + shared                             6
ports                  334      6
  + shared              98             4
  + common
radio                  154             2
  + shared             108             2
  + common
rf1a                   436
  + shared                            12
rfbsl                   78                   12
rfsimpliciti           800     67             7
temperature            240
timer                  538      7     16
  + common             112
user                     2
vti_as                 440      1      8
  + shared                             4
vti_ps               1 782     69      2     68
N/A (command line)             80
N/A (alignment)
----------          ------    ---    ---  -----
Total:              22 640    886    157  1 461
  + common             114


                ****************************************
                *                                      *
                *      SEGMENTS IN ADDRESS ORDER       *
                *                                      *
                ****************************************


SEGMENT              SPACE    START ADDRESS   END ADDRESS     SIZE  TYPE  ALIGN
=======              =====    =============   ===========     ====  ====  =====
DATA16_AN                              0102 - 0103               2   rel    0
                                       0120 - 0121               2 
                                       0124 - 0127               4 
                                       012C - 012D               2 
                                       0140 - 0141               2 
                                       0144 - 0145               2 
                                       015C - 015D               2 
                                       0160 - 0169               A 
                                       016C - 016F               4 
                                       01B0 - 01B1               2 
                                       01C0 - 01C3               4 
                                       01C8 - 01C9               2 
                                       01D0 - 01D1               2 
                                       0200 - 0207               8 
                                       020A - 020B               2 
                                       0218 - 021D               6 
                                       0222 - 0225               4 
                                       0244 - 0245               2 
                                       024A - 024B               2 
                                       0320 - 0325               6 
                                       0340 - 0345               6 
                                       0348 - 034B               4 
                                       0350 - 0355               6 
                                       0358 - 035B               4 
                                       036E - 036F               2 
                                       0380 - 0383               4 
                                       0390 - 0393               4 
                                       05C0 - 05C1               2 
                                       05C6 - 05C7               2 
                                       05CC - 05CC               1 
                                       05CE - 05CE               1 
                                       05DC - 05DD               2 
                                       0700 - 0703               4 
                                       070C - 0710               5 
                                       0720 - 0721               2 
                                       0A00 - 0A01               2 
                                       0A04 - 0A0D               A 
                                       0F02 - 0F03               2 
                                       0F06 - 0F07               2 
                                       0F0C - 0F13               8 
                                       0F20 - 0F23               4 
                                       0F30 - 0F39               A 
DATA16_I                               1C00 - 1C75              76   rel    1
DATA16_Z                               1C76 - 1F25             2B0   rel    1
CSTACK                                 23AE - 23FD              50   rel    1
DATA16_C                               9E00 - A33E             53F   rel    1
DATA16_ID                              A340 - A3B5              76   rel    1
CSTART                                 A3B6 - A3E5              30   rel    1
ISR_CODE                               A3E6 - A70D             328   rel    1
<CODE> 1                               A70E - FC23            5516   rel    1
INTVEC                                 FF80 - FFF1              72   com    1
RESET                                  FFFE - FFFF               2   rel    1

                ****************************************
                *                                      *
                *        END OF CROSS REFERENCE        *
                *                                      *
                ****************************************

 22 754 bytes of CODE  memory
    886 bytes of DATA  memory (+ 157 absolute )
  1 461 bytes of CONST memory

Errors: none
Warnings: none

